[debug] [2026-09-04T06:15:43.146Z] ----------------------------------------------------------------------
[debug] [2026-09-04T06:15:43.149Z] Command:       C:\Program Files\nodejs\node.exe C:\Users\JEYANTH\AppData\Roaming\npm\node_modules\firebase-tools\lib\bin\firebase.js init
[debug] [2026-09-04T06:15:43.149Z] CLI Version:   15.29.0
[debug] [2026-09-04T06:15:43.149Z] Platform:      win32
[debug] [2026-09-04T06:15:43.149Z] Node Version:  v24.11.1
[debug] [2026-09-04T06:15:43.149Z] Detected Agent: unknown
[debug] [2026-09-04T06:15:43.149Z] Time:          Fri Sep 04 2026 11:45:43 GMT+0530 (India Standard Time)
[debug] [2026-09-04T06:15:43.149Z] ----------------------------------------------------------------------
[debug] 
[info] 
     ######## #### ########  ######## ########     ###     ######  ########
     ##        ##  ##     ## ##       ##     ##  ##   ##  ##       ##
     ######    ##  ########  ######   ########  #########  ######  ######
     ##        ##  ##    ##  ##       ##     ## ##     ##       ## ##
     ##       #### ##     ## ######## ########  ##     ##  ######  ########

You're about to initialize a Firebase project in this directory:

  C:\Users\JEYANTH\OneDrive\Documents\Desktop\DesignThinking

[debug] [2026-09-04T06:17:38.469Z] ExitPromptError: User force closed the prompt with SIGINT
    at Interface.sigint (C:\Users\JEYANTH\AppData\Roaming\npm\node_modules\firebase-tools\node_modules\@inquirer\core\dist\commonjs\lib\create-prompt.js:101:37)
    at Interface.emit (node:events:508:28)
    at [_ttyWrite] [as _ttyWrite] (node:internal/readline/interface:1317:18)
    at ReadStream.onkeypress (node:internal/readline/interface:284:20)
    at ReadStream.emit (node:events:520:35)
    at emitKeys (node:internal/readline/utils:371:14)
    at emitKeys.next (<anonymous>)
    at ReadStream.onData (node:internal/readline/emitKeypressEvents:64:36)
    at ReadStream.emit (node:events:508:28)
    at addChunk (node:internal/streams/readable:559:12)
[error] 
[error] Error: An unexpected error has occurred.
